manifest should match snapshot:
  1: |
    apiVersion: v1
    data:
      example.com-mail.private: LS0tLS1CRUdJTiBSU0EgUFJJVkFURSBLRVktLS0tLQpNSUlFb3dJQkFBS0NBUUVBbGpUN0FlQ1U1ZGNsbTFZdlZRV2FQaG5SZVdGWjh3K1MrdVdzMVpFb21aM0J4OWVLCmVpbHc2QTdzVWc1aHR2Nk03NkZkS0ZqS1BTZHBzNUFrcG9OY2cyLzMxU0laWUNKYmVCRzN6Z2JXUWpmeVRqeW0KbFljeTZ0UnE3QlhHdytVVEttTEJFVXpkZkJDZm0zWjk5N3VySUZZbzZzMjl1eHd5SDVlVy96ajVIM0VZZmxMRwpHaVl3bXpsRE9sdG9Od2k2R0lRYUhVZWErQ0hQVVpxanVtZFYvU1hEQlAxSFVud09lQmd2Ty9OVVBnZ1FudGt6CkdDa2h0RlNWWnVwNzd1aG5oWmhILzBQd1AyeUU2bkdQK1JpV1FTQ21oNUZpSmJCS0RkaE41cXErSktycFU1SXcKdUYrYklPYUpuUUIzTElyZkJla051RERBT1pBUWJoeHZhOWdRNVFJREFRQUJBb0lCQUdKTFkyTTBHMXhaTWFQNApmMXJ0SXFXMjhZeXo5MUFIQmhFb0ViVmttNlFEUjVkR1pybFF1ekV3NnRjNzBCZ1hkaFV1aks3bGc5c0hHclhHCkF5WHdXcThzcTRzUEdIbi9vY251RmxFOXlpSmxTQ3lJcGg2OTdjVWNvcWZDREdPUFdiNW9CNTRScGZNVlVjMUQKZW1XT3F3cXJOM1dJazd1SlZRZTFoTHVhQmZUYlpoeHJQWGlFNFhyM2NJdzk2azdMejdSWlkzeHFnUXYrd3dCNgpvcmFrM05zZCswL1RRT1dxTEl3aDh1ZjF0eTRVTWJtZVJrWGVocU82QTNNV0JOQ2NVZGNGUFB2WjhBWEY2MExxCklpdDlkL2txSWRYdHg5bE5yQkJHSGc2N1RhOUlkaEZaTkdURTl4a0s3ejJyMWE0QlZGL255aU1jK0VURzlqbmwKQWFJRENoVUNnWUVBeEkrS2MydmdBbU00bkpyekx1emRlSEY0eU9nNjRZcjkxbXI4NVd6RWtsUDVsVFhJSXdoRgpYRkVacmJ1R3dMaDN3KzZZTmxDdHNydXVQMHVUWTYrL2tSZFplaVpPZjB1NGxWM2VZcXh2OEp4RER5cXlIaXBRCm13bFg2VkhkYnYyVWNRTjBjc24vNXZsY3BkcGlCMTl3OVNzeU9JQTFWRW1KZkpiREZZS2prbnNDZ1lFQXc2RUkKSzRBaTVBcHRxYS9RU1g5czNGU3VWSlM2eTIwblVpeWtpb1prcTRKNXNyUEpyS1R0UVlHVjJxUFB5SG03QkNKZwo1amNDN0x2OHNvUFcrcG1jRUZwK0xENVZicWxaNXdnMzBYZEg1VmxuRkVxUkpHOHd5QnM1b0ZoMUd5NTZDNi9pClRXc1hkYWc2VmppMDVZbkRUZkd1dnBEMVAwb29xdDE3NUVVMXZCOENnWUVBbXlIZTE3R3dIckpJbi9EN05YSGsKYVliRkdXdVA3U3BScE1UVHpBN0lKZVQ0K25aeitwSXdpK2ZHS0lQMG1tMzh1RHE3RDBNbGxBYmtRemhXbnpxNgpLcjBPOVlUK055R0FFUU1BM1VmVElVZHk5YWx3NHJYcTRESERuSFhzR2drdyt2RUxHdjJxWnBVd05nWGhrSWdYCkVxaUEvbTdScURCUnZtOE9rUStHSWJrQ2dZQXFLRXFsYlRDWHFmT2w3S0JiSmwya1FZOXI1TDA0VjJadzIvUDkKY2liQm14VjB3Qy9HeDZmbFJQS3hNam4xdnQzaGJ6TW9pVlJWQmRIWCtuZGFlNzNZL0ZkU1c0QjNuNEVqTzI4ago4YXVKcmpGN2V2STZRc2ZsWjVDTWtHTjBIeGpuNmRnL3pNTTZkSzFWcFZTK1htaTdKRWovQWlnSG9vaVBBYm5RCklHWUxDd0tCZ0ZYQk1DTEVwbmRtZTR4UDdjQXVDQWN4OERuSlArd21JRjRyQ2JaM3R2UEhmbWpTckF1M08yZ2oKOWpVVktSN2UzQUJodVVhRGExY1NUR3ZaNi9tWDBmbjJxcyszWDFmMTJkN3Z3N1dyVlRONXRGVGl3OWFyZHhSYwpLSmttbityZkRFMkxDNHlzbnhHVGcwYllnYzVaU3VzTUVZZDY3MndYTm1jODBJalJ5alNpCi0tLS0tRU5EIFJTQSBQUklWQVRFIEtFWS0tLS0tCg==
    kind: Secret
    metadata:
      labels:
        app: RELEASE-NAME-docker-mailserver
        chart: docker-mailserver-0.1.0
        heritage: Tiller
        release: RELEASE-NAME
      name: RELEASE-NAME-docker-mailserver-secrets
